app/(tabs)/BookingScreen.tsx(61,77): error TS2367: This comparison appears to be unintentional because the types '"en"' and '"zh"' have no overlap.
app/(tabs)/StudyPlanResultScreen.tsx(82,81): error TS2367: This comparison appears to be unintentional because the types 'LanguageType' and '"zh"' have no overlap.
app/(tabs)/SubjectDetailScreen.tsx(189,32): error TS7006: Parameter 'topic' implicitly has an 'any' type.
app/(tabs)/SubjectDetailScreen.tsx(189,39): error TS7006: Parameter 'idx' implicitly has an 'any' type.
app/(tabs)/TutorProfileScreen.tsx(62,27): error TS2552: Cannot find name 'useLanguage'. Did you mean 'language'?
app/tutor/TutorDashboardScreen.tsx(102,18): error TS2304: Cannot find name 'language'.
app/tutor/TutorDashboardScreen.tsx(102,47): error TS2304: Cannot find name 'language'.
context/LanguageContext.tsx(282,3): error TS1117: An object literal cannot have multiple properties with the same name.
context/LanguageContext.tsx(292,3): error TS1117: An object literal cannot have multiple properties with the same name.
context/LanguageContext.tsx(293,3): error TS1117: An object literal cannot have multiple properties with the same name.
context/LanguageContext.tsx(299,3): error TS1117: An object literal cannot have multiple properties with the same name.
context/LanguageContext.tsx(300,3): error TS1117: An object literal cannot have multiple properties with the same name.
context/LanguageContext.tsx(301,3): error TS1117: An object literal cannot have multiple properties with the same name.
context/LanguageContext.tsx(305,3): error TS1117: An object literal cannot have multiple properties with the same name.
context/LanguageContext.tsx(306,3): error TS1117: An object literal cannot have multiple properties with the same name.
context/LanguageContext.tsx(307,3): error TS1117: An object literal cannot have multiple properties with the same name.
context/LanguageContext.tsx(308,3): error TS1117: An object literal cannot have multiple properties with the same name.
context/LanguageContext.tsx(309,3): error TS1117: An object literal cannot have multiple properties with the same name.
context/LanguageContext.tsx(310,3): error TS1117: An object literal cannot have multiple properties with the same name.
context/LanguageContext.tsx(311,3): error TS1117: An object literal cannot have multiple properties with the same name.
context/LanguageContext.tsx(312,3): error TS1117: An object literal cannot have multiple properties with the same name.
context/LanguageContext.tsx(313,3): error TS1117: An object literal cannot have multiple properties with the same name.
context/LanguageContext.tsx(314,3): error TS1117: An object literal cannot have multiple properties with the same name.
context/LanguageContext.tsx(317,3): error TS1117: An object literal cannot have multiple properties with the same name.
context/LanguageContext.tsx(318,3): error TS1117: An object literal cannot have multiple properties with the same name.
context/LanguageContext.tsx(319,3): error TS1117: An object literal cannot have multiple properties with the same name.
context/LanguageContext.tsx(320,3): error TS1117: An object literal cannot have multiple properties with the same name.
context/LanguageContext.tsx(321,3): error TS1117: An object literal cannot have multiple properties with the same name.
context/LanguageContext.tsx(340,3): error TS1117: An object literal cannot have multiple properties with the same name.
context/LanguageContext.tsx(341,3): error TS1117: An object literal cannot have multiple properties with the same name.
context/LanguageContext.tsx(342,3): error TS1117: An object literal cannot have multiple properties with the same name.
context/LanguageContext.tsx(343,3): error TS1117: An object literal cannot have multiple properties with the same name.
context/LanguageContext.tsx(344,3): error TS1117: An object literal cannot have multiple properties with the same name.
context/LanguageContext.tsx(345,3): error TS1117: An object literal cannot have multiple properties with the same name.
context/LanguageContext.tsx(346,3): error TS1117: An object literal cannot have multiple properties with the same name.
context/LanguageContext.tsx(347,3): error TS1117: An object literal cannot have multiple properties with the same name.
context/LanguageContext.tsx(348,3): error TS1117: An object literal cannot have multiple properties with the same name.
context/LanguageContext.tsx(349,3): error TS1117: An object literal cannot have multiple properties with the same name.
context/LanguageContext.tsx(350,3): error TS1117: An object literal cannot have multiple properties with the same name.
context/LanguageContext.tsx(351,3): error TS1117: An object literal cannot have multiple properties with the same name.
context/LanguageContext.tsx(352,3): error TS1117: An object literal cannot have multiple properties with the same name.
context/LanguageContext.tsx(353,3): error TS1117: An object literal cannot have multiple properties with the same name.
context/LanguageContext.tsx(354,3): error TS1117: An object literal cannot have multiple properties with the same name.
context/LanguageContext.tsx(355,3): error TS1117: An object literal cannot have multiple properties with the same name.
context/LanguageContext.tsx(356,3): error TS1117: An object literal cannot have multiple properties with the same name.
context/LanguageContext.tsx(357,3): error TS1117: An object literal cannot have multiple properties with the same name.
context/LanguageContext.tsx(376,3): error TS1117: An object literal cannot have multiple properties with the same name.
context/LanguageContext.tsx(377,3): error TS1117: An object literal cannot have multiple properties with the same name.
context/LanguageContext.tsx(378,3): error TS1117: An object literal cannot have multiple properties with the same name.
context/LanguageContext.tsx(379,3): error TS1117: An object literal cannot have multiple properties with the same name.
context/LanguageContext.tsx(380,3): error TS1117: An object literal cannot have multiple properties with the same name.
context/LanguageContext.tsx(381,3): error TS1117: An object literal cannot have multiple properties with the same name.
context/LanguageContext.tsx(382,3): error TS1117: An object literal cannot have multiple properties with the same name.
context/LanguageContext.tsx(383,3): error TS1117: An object literal cannot have multiple properties with the same name.
context/LanguageContext.tsx(384,3): error TS1117: An object literal cannot have multiple properties with the same name.
context/LanguageContext.tsx(385,3): error TS1117: An object literal cannot have multiple properties with the same name.
context/LanguageContext.tsx(386,3): error TS1117: An object literal cannot have multiple properties with the same name.
context/LanguageContext.tsx(387,3): error TS1117: An object literal cannot have multiple properties with the same name.
context/LanguageContext.tsx(388,3): error TS1117: An object literal cannot have multiple properties with the same name.
context/LanguageContext.tsx(390,3): error TS1117: An object literal cannot have multiple properties with the same name.
context/LanguageContext.tsx(391,3): error TS1117: An object literal cannot have multiple properties with the same name.
context/LanguageContext.tsx(392,3): error TS1117: An object literal cannot have multiple properties with the same name.
context/LanguageContext.tsx(393,3): error TS1117: An object literal cannot have multiple properties with the same name.
context/LanguageContext.tsx(394,3): error TS1117: An object literal cannot have multiple properties with the same name.
context/LanguageContext.tsx(409,3): error TS1117: An object literal cannot have multiple properties with the same name.
context/LanguageContext.tsx(419,3): error TS1117: An object literal cannot have multiple properties with the same name.
context/LanguageContext.tsx(433,3): error TS1117: An object literal cannot have multiple properties with the same name.
context/LanguageContext.tsx(434,3): error TS1117: An object literal cannot have multiple properties with the same name.
context/LanguageContext.tsx(435,3): error TS1117: An object literal cannot have multiple properties with the same name.
context/LanguageContext.tsx(436,3): error TS1117: An object literal cannot have multiple properties with the same name.
context/LanguageContext.tsx(437,3): error TS1117: An object literal cannot have multiple properties with the same name.
context/LanguageContext.tsx(438,3): error TS1117: An object literal cannot have multiple properties with the same name.
context/LanguageContext.tsx(439,3): error TS1117: An object literal cannot have multiple properties with the same name.
context/LanguageContext.tsx(440,3): error TS1117: An object literal cannot have multiple properties with the same name.
context/LanguageContext.tsx(441,3): error TS1117: An object literal cannot have multiple properties with the same name.
context/LanguageContext.tsx(442,3): error TS1117: An object literal cannot have multiple properties with the same name.
context/LanguageContext.tsx(443,3): error TS1117: An object literal cannot have multiple properties with the same name.
context/LanguageContext.tsx(444,3): error TS1117: An object literal cannot have multiple properties with the same name.
context/LanguageContext.tsx(447,3): error TS1117: An object literal cannot have multiple properties with the same name.
context/LanguageContext.tsx(448,3): error TS1117: An object literal cannot have multiple properties with the same name.
context/LanguageContext.tsx(449,3): error TS1117: An object literal cannot have multiple properties with the same name.
context/LanguageContext.tsx(450,3): error TS1117: An object literal cannot have multiple properties with the same name.
context/LanguageContext.tsx(451,3): error TS1117: An object literal cannot have multiple properties with the same name.
context/LanguageContext.tsx(452,3): error TS1117: An object literal cannot have multiple properties with the same name.
context/LanguageContext.tsx(453,3): error TS1117: An object literal cannot have multiple properties with the same name.
context/LanguageContext.tsx(454,3): error TS1117: An object literal cannot have multiple properties with the same name.
context/LanguageContext.tsx(455,3): error TS1117: An object literal cannot have multiple properties with the same name.
context/LanguageContext.tsx(458,3): error TS1117: An object literal cannot have multiple properties with the same name.
context/LanguageContext.tsx(459,3): error TS1117: An object literal cannot have multiple properties with the same name.
context/LanguageContext.tsx(460,3): error TS1117: An object literal cannot have multiple properties with the same name.
context/LanguageContext.tsx(461,3): error TS1117: An object literal cannot have multiple properties with the same name.
context/LanguageContext.tsx(462,3): error TS1117: An object literal cannot have multiple properties with the same name.
context/LanguageContext.tsx(463,3): error TS1117: An object literal cannot have multiple properties with the same name.
context/LanguageContext.tsx(464,3): error TS1117: An object literal cannot have multiple properties with the same name.
context/LanguageContext.tsx(467,3): error TS1117: An object literal cannot have multiple properties with the same name.
context/LanguageContext.tsx(468,3): error TS1117: An object literal cannot have multiple properties with the same name.
context/LanguageContext.tsx(469,3): error TS1117: An object literal cannot have multiple properties with the same name.
context/LanguageContext.tsx(470,3): error TS1117: An object literal cannot have multiple properties with the same name.
context/LanguageContext.tsx(471,3): error TS1117: An object literal cannot have multiple properties with the same name.
context/LanguageContext.tsx(472,3): error TS1117: An object literal cannot have multiple properties with the same name.
context/LanguageContext.tsx(473,3): error TS1117: An object literal cannot have multiple properties with the same name.
context/LanguageContext.tsx(474,3): error TS1117: An object literal cannot have multiple properties with the same name.
context/LanguageContext.tsx(475,3): error TS1117: An object literal cannot have multiple properties with the same name.
context/LanguageContext.tsx(476,3): error TS1117: An object literal cannot have multiple properties with the same name.
context/LanguageContext.tsx(477,3): error TS1117: An object literal cannot have multiple properties with the same name.
context/LanguageContext.tsx(478,3): error TS1117: An object literal cannot have multiple properties with the same name.
context/LanguageContext.tsx(479,3): error TS1117: An object literal cannot have multiple properties with the same name.
context/LanguageContext.tsx(480,3): error TS1117: An object literal cannot have multiple properties with the same name.
context/LanguageContext.tsx(481,3): error TS1117: An object literal cannot have multiple properties with the same name.
context/LanguageContext.tsx(482,3): error TS1117: An object literal cannot have multiple properties with the same name.
context/LanguageContext.tsx(485,3): error TS1117: An object literal cannot have multiple properties with the same name.
context/LanguageContext.tsx(486,3): error TS1117: An object literal cannot have multiple properties with the same name.
context/LanguageContext.tsx(487,3): error TS1117: An object literal cannot have multiple properties with the same name.
context/LanguageContext.tsx(488,3): error TS1117: An object literal cannot have multiple properties with the same name.
context/LanguageContext.tsx(489,3): error TS1117: An object literal cannot have multiple properties with the same name.
context/LanguageContext.tsx(490,3): error TS1117: An object literal cannot have multiple properties with the same name.
context/LanguageContext.tsx(491,3): error TS1117: An object literal cannot have multiple properties with the same name.
context/LanguageContext.tsx(492,3): error TS1117: An object literal cannot have multiple properties with the same name.
context/LanguageContext.tsx(493,3): error TS1117: An object literal cannot have multiple properties with the same name.
context/LanguageContext.tsx(494,3): error TS1117: An object literal cannot have multiple properties with the same name.
context/LanguageContext.tsx(495,3): error TS1117: An object literal cannot have multiple properties with the same name.
context/LanguageContext.tsx(496,3): error TS1117: An object literal cannot have multiple properties with the same name.
context/LanguageContext.tsx(497,3): error TS1117: An object literal cannot have multiple properties with the same name.
context/LanguageContext.tsx(498,3): error TS1117: An object literal cannot have multiple properties with the same name.
context/LanguageContext.tsx(499,3): error TS1117: An object literal cannot have multiple properties with the same name.
context/LanguageContext.tsx(500,3): error TS1117: An object literal cannot have multiple properties with the same name.
context/LanguageContext.tsx(501,3): error TS1117: An object literal cannot have multiple properties with the same name.
context/LanguageContext.tsx(503,3): error TS1117: An object literal cannot have multiple properties with the same name.
context/LanguageContext.tsx(504,3): error TS1117: An object literal cannot have multiple properties with the same name.
context/LanguageContext.tsx(505,3): error TS1117: An object literal cannot have multiple properties with the same name.
context/LanguageContext.tsx(506,3): error TS1117: An object literal cannot have multiple properties with the same name.
context/LanguageContext.tsx(507,3): error TS1117: An object literal cannot have multiple properties with the same name.
context/LanguageContext.tsx(508,3): error TS1117: An object literal cannot have multiple properties with the same name.
context/LanguageContext.tsx(510,3): error TS1117: An object literal cannot have multiple properties with the same name.
context/LanguageContext.tsx(511,3): error TS1117: An object literal cannot have multiple properties with the same name.
context/LanguageContext.tsx(512,3): error TS1117: An object literal cannot have multiple properties with the same name.
context/LanguageContext.tsx(513,3): error TS1117: An object literal cannot have multiple properties with the same name.
context/LanguageContext.tsx(514,3): error TS1117: An object literal cannot have multiple properties with the same name.
context/LanguageContext.tsx(515,3): error TS1117: An object literal cannot have multiple properties with the same name.
context/LanguageContext.tsx(516,3): error TS1117: An object literal cannot have multiple properties with the same name.
context/LanguageContext.tsx(517,3): error TS1117: An object literal cannot have multiple properties with the same name.
context/LanguageContext.tsx(519,3): error TS1117: An object literal cannot have multiple properties with the same name.
context/LanguageContext.tsx(520,3): error TS1117: An object literal cannot have multiple properties with the same name.
context/LanguageContext.tsx(521,3): error TS1117: An object literal cannot have multiple properties with the same name.
context/LanguageContext.tsx(522,3): error TS1117: An object literal cannot have multiple properties with the same name.
context/LanguageContext.tsx(525,3): error TS1117: An object literal cannot have multiple properties with the same name.
context/LanguageContext.tsx(529,3): error TS1117: An object literal cannot have multiple properties with the same name.
context/LanguageContext.tsx(530,3): error TS1117: An object literal cannot have multiple properties with the same name.
context/LanguageContext.tsx(531,3): error TS1117: An object literal cannot have multiple properties with the same name.
context/LanguageContext.tsx(532,3): error TS1117: An object literal cannot have multiple properties with the same name.
context/LanguageContext.tsx(533,3): error TS1117: An object literal cannot have multiple properties with the same name.
context/LanguageContext.tsx(534,3): error TS1117: An object literal cannot have multiple properties with the same name.
context/LanguageContext.tsx(535,3): error TS1117: An object literal cannot have multiple properties with the same name.
context/LanguageContext.tsx(536,3): error TS1117: An object literal cannot have multiple properties with the same name.
context/LanguageContext.tsx(537,3): error TS1117: An object literal cannot have multiple properties with the same name.
context/LanguageContext.tsx(538,3): error TS1117: An object literal cannot have multiple properties with the same name.
context/LanguageContext.tsx(539,3): error TS1117: An object literal cannot have multiple properties with the same name.
context/LanguageContext.tsx(540,3): error TS1117: An object literal cannot have multiple properties with the same name.
context/LanguageContext.tsx(541,3): error TS1117: An object literal cannot have multiple properties with the same name.
context/LanguageContext.tsx(542,3): error TS1117: An object literal cannot have multiple properties with the same name.
context/LanguageContext.tsx(543,3): error TS1117: An object literal cannot have multiple properties with the same name.
context/LanguageContext.tsx(545,3): error TS1117: An object literal cannot have multiple properties with the same name.
context/LanguageContext.tsx(548,3): error TS1117: An object literal cannot have multiple properties with the same name.
context/LanguageContext.tsx(549,3): error TS1117: An object literal cannot have multiple properties with the same name.
context/LanguageContext.tsx(550,3): error TS1117: An object literal cannot have multiple properties with the same name.
context/LanguageContext.tsx(551,3): error TS1117: An object literal cannot have multiple properties with the same name.
context/LanguageContext.tsx(552,3): error TS1117: An object literal cannot have multiple properties with the same name.
context/LanguageContext.tsx(553,3): error TS1117: An object literal cannot have multiple properties with the same name.
context/LanguageContext.tsx(554,3): error TS1117: An object literal cannot have multiple properties with the same name.
context/LanguageContext.tsx(555,3): error TS1117: An object literal cannot have multiple properties with the same name.
context/LanguageContext.tsx(556,3): error TS1117: An object literal cannot have multiple properties with the same name.
context/LanguageContext.tsx(557,3): error TS1117: An object literal cannot have multiple properties with the same name.
context/LanguageContext.tsx(558,3): error TS1117: An object literal cannot have multiple properties with the same name.
context/LanguageContext.tsx(559,3): error TS1117: An object literal cannot have multiple properties with the same name.
context/LanguageContext.tsx(560,3): error TS1117: An object literal cannot have multiple properties with the same name.
context/LanguageContext.tsx(561,3): error TS1117: An object literal cannot have multiple properties with the same name.
context/LanguageContext.tsx(562,3): error TS1117: An object literal cannot have multiple properties with the same name.
context/LanguageContext.tsx(563,3): error TS1117: An object literal cannot have multiple properties with the same name.
context/LanguageContext.tsx(564,3): error TS1117: An object literal cannot have multiple properties with the same name.
context/LanguageContext.tsx(565,3): error TS1117: An object literal cannot have multiple properties with the same name.
context/LanguageContext.tsx(566,3): error TS1117: An object literal cannot have multiple properties with the same name.
context/LanguageContext.tsx(567,3): error TS1117: An object literal cannot have multiple properties with the same name.
context/LanguageContext.tsx(568,3): error TS1117: An object literal cannot have multiple properties with the same name.
context/LanguageContext.tsx(569,3): error TS1117: An object literal cannot have multiple properties with the same name.
context/LanguageContext.tsx(570,3): error TS1117: An object literal cannot have multiple properties with the same name.
